
Allocating common symbols
Common symbol       size              file

errno               0x4               ./System/Source/Newlib/_syscalls.o

Discarded input sections

 .group         0x00000000        0xc ./System/Source/cortexm/_initialize_hardware.o
 .group         0x00000000        0xc ./System/Source/cortexm/_initialize_hardware.o
 .group         0x00000000        0xc ./System/Source/cortexm/_initialize_hardware.o
 .group         0x00000000        0xc ./System/Source/cortexm/_initialize_hardware.o
 .group         0x00000000        0xc ./System/Source/cortexm/_initialize_hardware.o
 .group         0x00000000        0xc ./System/Source/cortexm/_initialize_hardware.o
 .group         0x00000000        0xc ./System/Source/cortexm/_initialize_hardware.o
 .group         0x00000000        0xc ./System/Source/cortexm/_initialize_hardware.o
 .group         0x00000000        0xc ./System/Source/cortexm/_initialize_hardware.o
 .text          0x00000000        0x0 ./System/Source/cortexm/_initialize_hardware.o
 .data          0x00000000        0x0 ./System/Source/cortexm/_initialize_hardware.o
 .bss           0x00000000        0x0 ./System/Source/cortexm/_initialize_hardware.o
 .group         0x00000000        0xc ./System/Source/cortexm/_reset_hardware.o
 .group         0x00000000        0xc ./System/Source/cortexm/_reset_hardware.o
 .group         0x00000000        0xc ./System/Source/cortexm/_reset_hardware.o
 .group         0x00000000        0xc ./System/Source/cortexm/_reset_hardware.o
 .group         0x00000000        0xc ./System/Source/cortexm/_reset_hardware.o
 .group         0x00000000        0xc ./System/Source/cortexm/_reset_hardware.o
 .group         0x00000000        0xc ./System/Source/cortexm/_reset_hardware.o
 .group         0x00000000        0xc ./System/Source/cortexm/_reset_hardware.o
 .group         0x00000000        0xc ./System/Source/cortexm/_reset_hardware.o
 .text          0x00000000        0x0 ./System/Source/cortexm/_reset_hardware.o
 .data          0x00000000        0x0 ./System/Source/cortexm/_reset_hardware.o
 .bss           0x00000000        0x0 ./System/Source/cortexm/_reset_hardware.o
 .text.__reset_hardware
                0x00000000       0x24 ./System/Source/cortexm/_reset_hardware.o
 .debug_info    0x00000000      0x316 ./System/Source/cortexm/_reset_hardware.o
 .debug_abbrev  0x00000000      0x110 ./System/Source/cortexm/_reset_hardware.o
 .debug_aranges
                0x00000000       0x20 ./System/Source/cortexm/_reset_hardware.o
 .debug_ranges  0x00000000       0x10 ./System/Source/cortexm/_reset_hardware.o
 .debug_macro   0x00000000       0x80 ./System/Source/cortexm/_reset_hardware.o
 .debug_macro   0x00000000      0xa60 ./System/Source/cortexm/_reset_hardware.o
 .debug_macro   0x00000000       0x2e ./System/Source/cortexm/_reset_hardware.o
 .debug_macro   0x00000000       0x22 ./System/Source/cortexm/_reset_hardware.o
 .debug_macro   0x00000000      0x34e ./System/Source/cortexm/_reset_hardware.o
 .debug_macro   0x00000000       0x34 ./System/Source/cortexm/_reset_hardware.o
 .debug_macro   0x00000000       0x34 ./System/Source/cortexm/_reset_hardware.o
 .debug_macro   0x00000000      0xb8e ./System/Source/cortexm/_reset_hardware.o
 .debug_macro   0x00000000     0xe90a ./System/Source/cortexm/_reset_hardware.o
 .debug_macro   0x00000000       0x43 ./System/Source/cortexm/_reset_hardware.o
 .debug_line    0x00000000      0x152 ./System/Source/cortexm/_reset_hardware.o
 .debug_str     0x00000000    0x555d9 ./System/Source/cortexm/_reset_hardware.o
 .comment       0x00000000       0x80 ./System/Source/cortexm/_reset_hardware.o
 .debug_frame   0x00000000       0x20 ./System/Source/cortexm/_reset_hardware.o
 .ARM.attributes
                0x00000000       0x33 ./System/Source/cortexm/_reset_hardware.o
 .group         0x00000000        0xc ./System/Source/cortexm/exception_handlers.o
 .group         0x00000000        0xc ./System/Source/cortexm/exception_handlers.o
 .group         0x00000000        0xc ./System/Source/cortexm/exception_handlers.o
 .group         0x00000000        0xc ./System/Source/cortexm/exception_handlers.o
 .group         0x00000000        0xc ./System/Source/cortexm/exception_handlers.o
 .group         0x00000000        0xc ./System/Source/cortexm/exception_handlers.o
 .group         0x00000000        0xc ./System/Source/cortexm/exception_handlers.o
 .group         0x00000000        0xc ./System/Source/cortexm/exception_handlers.o
 .group         0x00000000        0xc ./System/Source/cortexm/exception_handlers.o
 .group         0x00000000        0xc ./System/Source/cortexm/exception_handlers.o
 .group         0x00000000        0xc ./System/Source/cortexm/exception_handlers.o
 .group         0x00000000        0xc ./System/Source/cortexm/exception_handlers.o
 .group         0x00000000        0xc ./System/Source/cortexm/exception_handlers.o
 .group         0x00000000        0xc ./System/Source/cortexm/exception_handlers.o
 .group         0x00000000        0xc ./System/Source/cortexm/exception_handlers.o
 .group         0x00000000        0xc ./System/Source/cortexm/exception_handlers.o
 .group         0x00000000        0xc ./System/Source/cortexm/exception_handlers.o
 .group         0x00000000        0xc ./System/Source/cortexm/exception_handlers.o
 .group         0x00000000        0xc ./System/Source/cortexm/exception_handlers.o
 .group         0x00000000        0xc ./System/Source/cortexm/exception_handlers.o
 .group         0x00000000        0xc ./System/Source/cortexm/exception_handlers.o
 .group         0x00000000        0xc ./System/Source/cortexm/exception_handlers.o
 .group         0x00000000        0xc ./System/Source/cortexm/exception_handlers.o
 .group         0x00000000        0xc ./System/Source/cortexm/exception_handlers.o
 .group         0x00000000        0xc ./System/Source/cortexm/exception_handlers.o
 .text          0x00000000        0x0 ./System/Source/cortexm/exception_handlers.o
 .data          0x00000000        0x0 ./System/Source/cortexm/exception_handlers.o
 .bss           0x00000000        0x0 ./System/Source/cortexm/exception_handlers.o
 .debug_macro   0x00000000      0xa60 ./System/Source/cortexm/exception_handlers.o
 .debug_macro   0x00000000      0x34e ./System/Source/cortexm/exception_handlers.o
 .debug_macro   0x00000000       0x2e ./System/Source/cortexm/exception_handlers.o
 .debug_macro   0x00000000       0x22 ./System/Source/cortexm/exception_handlers.o
 .debug_macro   0x00000000       0x34 ./System/Source/cortexm/exception_handlers.o
 .debug_macro   0x00000000      0xb8e ./System/Source/cortexm/exception_handlers.o
 .debug_macro   0x00000000     0xe90a ./System/Source/cortexm/exception_handlers.o
 .debug_macro   0x00000000       0x43 ./System/Source/cortexm/exception_handlers.o
 .group         0x00000000        0xc ./System/Source/Newlib/_cxx.o
 .group         0x00000000        0xc ./System/Source/Newlib/_cxx.o
 .group         0x00000000        0xc ./System/Source/Newlib/_cxx.o
 .group         0x00000000        0xc ./System/Source/Newlib/_cxx.o
 .group         0x00000000        0xc ./System/Source/Newlib/_cxx.o
 .group         0x00000000        0xc ./System/Source/Newlib/_cxx.o
 .group         0x00000000        0xc ./System/Source/Newlib/_cxx.o
 .group         0x00000000        0xc ./System/Source/Newlib/_cxx.o
 .group         0x00000000        0xc ./System/Source/Newlib/_cxx.o
 .group         0x00000000        0xc ./System/Source/Newlib/_cxx.o
 .group         0x00000000        0xc ./System/Source/Newlib/_cxx.o
 .group         0x00000000        0xc ./System/Source/Newlib/_cxx.o
 .group         0x00000000        0xc ./System/Source/Newlib/_cxx.o
 .group         0x00000000        0xc ./System/Source/Newlib/_cxx.o
 .group         0x00000000        0xc ./System/Source/Newlib/_cxx.o
 .group         0x00000000        0xc ./System/Source/Newlib/_cxx.o
 .group         0x00000000        0xc ./System/Source/Newlib/_cxx.o
 .group         0x00000000        0xc ./System/Source/Newlib/_cxx.o
 .group         0x00000000        0xc ./System/Source/Newlib/_cxx.o
 .group         0x00000000        0xc ./System/Source/Newlib/_cxx.o
 .group         0x00000000        0xc ./System/Source/Newlib/_cxx.o
 .group         0x00000000        0xc ./System/Source/Newlib/_cxx.o
 .group         0x00000000        0xc ./System/Source/Newlib/_cxx.o
 .group         0x00000000        0xc ./System/Source/Newlib/_cxx.o
 .group         0x00000000        0xc ./System/Source/Newlib/_cxx.o
 .group         0x00000000        0xc ./System/Source/Newlib/_cxx.o
 .group         0x00000000        0xc ./System/Source/Newlib/_cxx.o
 .group         0x00000000        0xc ./System/Source/Newlib/_cxx.o
 .group         0x00000000        0xc ./System/Source/Newlib/_cxx.o
 .group         0x00000000        0xc ./System/Source/Newlib/_cxx.o
 .group         0x00000000        0xc ./System/Source/Newlib/_cxx.o
 .group         0x00000000        0xc ./System/Source/Newlib/_cxx.o
 .group         0x00000000        0xc ./System/Source/Newlib/_cxx.o
 .group         0x00000000        0xc ./System/Source/Newlib/_cxx.o
 .group         0x00000000        0xc ./System/Source/Newlib/_cxx.o
 .text          0x00000000        0x0 ./System/Source/Newlib/_cxx.o
 .data          0x00000000        0x0 ./System/Source/Newlib/_cxx.o
 .bss           0x00000000        0x0 ./System/Source/Newlib/_cxx.o
 .text._ZN9__gnu_cxx27__verbose_terminate_handlerEv
                0x00000000        0x6 ./System/Source/Newlib/_cxx.o
 .text.__cxa_pure_virtual
                0x00000000        0x6 ./System/Source/Newlib/_cxx.o
 .debug_info    0x00000000      0xef7 ./System/Source/Newlib/_cxx.o
 .debug_abbrev  0x00000000      0x2cb ./System/Source/Newlib/_cxx.o
 .debug_aranges
                0x00000000       0x28 ./System/Source/Newlib/_cxx.o
 .debug_ranges  0x00000000       0x18 ./System/Source/Newlib/_cxx.o
 .debug_macro   0x00000000      0x1c9 ./System/Source/Newlib/_cxx.o
 .debug_macro   0x00000000      0xb02 ./System/Source/Newlib/_cxx.o
 .debug_macro   0x00000000      0x168 ./System/Source/Newlib/_cxx.o
 .debug_macro   0x00000000       0x10 ./System/Source/Newlib/_cxx.o
 .debug_macro   0x00000000      0x3f4 ./System/Source/Newlib/_cxx.o
 .debug_macro   0x00000000       0x10 ./System/Source/Newlib/_cxx.o
 .debug_macro   0x00000000       0x18 ./System/Source/Newlib/_cxx.o
 .debug_macro   0x00000000       0x22 ./System/Source/Newlib/_cxx.o
 .debug_macro   0x00000000       0x58 ./System/Source/Newlib/_cxx.o
 .debug_macro   0x00000000       0x94 ./System/Source/Newlib/_cxx.o
 .debug_macro   0x00000000       0x35 ./System/Source/Newlib/_cxx.o
 .debug_macro   0x00000000       0x34 ./System/Source/Newlib/_cxx.o
 .debug_macro   0x00000000       0x16 ./System/Source/Newlib/_cxx.o
 .debug_macro   0x00000000      0x10e ./System/Source/Newlib/_cxx.o
 .debug_macro   0x00000000       0x94 ./System/Source/Newlib/_cxx.o
 .debug_macro   0x00000000       0x57 ./System/Source/Newlib/_cxx.o
 .debug_macro   0x00000000       0x58 ./System/Source/Newlib/_cxx.o
 .debug_macro   0x00000000       0x1f ./System/Source/Newlib/_cxx.o
 .debug_macro   0x00000000       0x43 ./System/Source/Newlib/_cxx.o
 .debug_macro   0x00000000       0x20 ./System/Source/Newlib/_cxx.o
 .debug_macro   0x00000000      0x18e ./System/Source/Newlib/_cxx.o
 .debug_macro   0x00000000      0x353 ./System/Source/Newlib/_cxx.o
 .debug_macro   0x00000000       0x16 ./System/Source/Newlib/_cxx.o
 .debug_macro   0x00000000       0x29 ./System/Source/Newlib/_cxx.o
 .debug_macro   0x00000000       0x1c ./System/Source/Newlib/_cxx.o
 .debug_macro   0x00000000       0xde ./System/Source/Newlib/_cxx.o
 .debug_macro   0x00000000       0x10 ./System/Source/Newlib/_cxx.o
 .debug_macro   0x00000000       0x6a ./System/Source/Newlib/_cxx.o
 .debug_macro   0x00000000       0x1c ./System/Source/Newlib/_cxx.o
 .debug_macro   0x00000000       0x52 ./System/Source/Newlib/_cxx.o
 .debug_macro   0x00000000       0x40 ./System/Source/Newlib/_cxx.o
 .debug_macro   0x00000000       0x10 ./System/Source/Newlib/_cxx.o
 .debug_macro   0x00000000       0x40 ./System/Source/Newlib/_cxx.o
 .debug_macro   0x00000000       0xd7 ./System/Source/Newlib/_cxx.o
 .debug_macro   0x00000000       0x1c ./System/Source/Newlib/_cxx.o
 .debug_macro   0x00000000       0x3d ./System/Source/Newlib/_cxx.o
 .debug_line    0x00000000      0x3a5 ./System/Source/Newlib/_cxx.o
 .debug_str     0x00000000     0x89e3 ./System/Source/Newlib/_cxx.o
 .comment       0x00000000       0x80 ./System/Source/Newlib/_cxx.o
 .debug_frame   0x00000000       0x40 ./System/Source/Newlib/_cxx.o
 .ARM.attributes
                0x00000000       0x33 ./System/Source/Newlib/_cxx.o
 .group         0x00000000        0xc ./System/Source/Newlib/_exit.o
 .group         0x00000000        0xc ./System/Source/Newlib/_exit.o
 .group         0x00000000        0xc ./System/Source/Newlib/_exit.o
 .group         0x00000000        0xc ./System/Source/Newlib/_exit.o
 .group         0x00000000        0xc ./System/Source/Newlib/_exit.o
 .group         0x00000000        0xc ./System/Source/Newlib/_exit.o
 .group         0x00000000        0xc ./System/Source/Newlib/_exit.o
 .group         0x00000000        0xc ./System/Source/Newlib/_exit.o
 .group         0x00000000        0xc ./System/Source/Newlib/_exit.o
 .group         0x00000000        0xc ./System/Source/Newlib/_exit.o
 .group         0x00000000        0xc ./System/Source/Newlib/_exit.o
 .group         0x00000000        0xc ./System/Source/Newlib/_exit.o
 .group         0x00000000        0xc ./System/Source/Newlib/_exit.o
 .group         0x00000000        0xc ./System/Source/Newlib/_exit.o
 .group         0x00000000        0xc ./System/Source/Newlib/_exit.o
 .group         0x00000000        0xc ./System/Source/Newlib/_exit.o
 .group         0x00000000        0xc ./System/Source/Newlib/_exit.o
 .group         0x00000000        0xc ./System/Source/Newlib/_exit.o
 .group         0x00000000        0xc ./System/Source/Newlib/_exit.o
 .text          0x00000000        0x0 ./System/Source/Newlib/_exit.o
 .data          0x00000000        0x0 ./System/Source/Newlib/_exit.o
 .bss           0x00000000        0x0 ./System/Source/Newlib/_exit.o
 .text.abort    0x00000000        0xa ./System/Source/Newlib/_exit.o
 .debug_macro   0x00000000      0xa60 ./System/Source/Newlib/_exit.o
 .debug_macro   0x00000000       0x18 ./System/Source/Newlib/_exit.o
 .debug_macro   0x00000000       0x22 ./System/Source/Newlib/_exit.o
 .debug_macro   0x00000000       0x58 ./System/Source/Newlib/_exit.o
 .debug_macro   0x00000000       0x94 ./System/Source/Newlib/_exit.o
 .debug_macro   0x00000000       0x35 ./System/Source/Newlib/_exit.o
 .debug_macro   0x00000000       0x34 ./System/Source/Newlib/_exit.o
 .debug_macro   0x00000000       0x16 ./System/Source/Newlib/_exit.o
 .debug_macro   0x00000000       0x57 ./System/Source/Newlib/_exit.o
 .debug_macro   0x00000000       0x58 ./System/Source/Newlib/_exit.o
 .debug_macro   0x00000000       0x1f ./System/Source/Newlib/_exit.o
 .debug_macro   0x00000000       0x43 ./System/Source/Newlib/_exit.o
 .debug_macro   0x00000000       0x20 ./System/Source/Newlib/_exit.o
 .debug_macro   0x00000000      0x18e ./System/Source/Newlib/_exit.o
 .debug_macro   0x00000000      0x330 ./System/Source/Newlib/_exit.o
 .debug_macro   0x00000000       0x16 ./System/Source/Newlib/_exit.o
 .debug_macro   0x00000000       0x29 ./System/Source/Newlib/_exit.o
 .group         0x00000000        0xc ./System/Source/Newlib/_sbrk.o
 .group         0x00000000        0xc ./System/Source/Newlib/_sbrk.o
 .group         0x00000000        0xc ./System/Source/Newlib/_sbrk.o
 .group         0x00000000        0xc ./System/Source/Newlib/_sbrk.o
 .group         0x00000000        0xc ./System/Source/Newlib/_sbrk.o
 .group         0x00000000        0xc ./System/Source/Newlib/_sbrk.o
 .group         0x00000000        0xc ./System/Source/Newlib/_sbrk.o
 .group         0x00000000        0xc ./System/Source/Newlib/_sbrk.o
 .group         0x00000000        0xc ./System/Source/Newlib/_sbrk.o
 .group         0x00000000        0xc ./System/Source/Newlib/_sbrk.o
 .group         0x00000000        0xc ./System/Source/Newlib/_sbrk.o
 .group         0x00000000        0xc ./System/Source/Newlib/_sbrk.o
 .group         0x00000000        0xc ./System/Source/Newlib/_sbrk.o
 .group         0x00000000        0xc ./System/Source/Newlib/_sbrk.o
 .group         0x00000000        0xc ./System/Source/Newlib/_sbrk.o
 .group         0x00000000        0xc ./System/Source/Newlib/_sbrk.o
 .group         0x00000000        0xc ./System/Source/Newlib/_sbrk.o
 .group         0x00000000        0xc ./System/Source/Newlib/_sbrk.o
 .group         0x00000000        0xc ./System/Source/Newlib/_sbrk.o
 .group         0x00000000        0xc ./System/Source/Newlib/_sbrk.o
 .group         0x00000000        0xc ./System/Source/Newlib/_sbrk.o
 .group         0x00000000        0xc ./System/Source/Newlib/_sbrk.o
 .group         0x00000000        0xc ./System/Source/Newlib/_sbrk.o
 .group         0x00000000        0xc ./System/Source/Newlib/_sbrk.o
 .group         0x00000000        0xc ./System/Source/Newlib/_sbrk.o
 .group         0x00000000        0xc ./System/Source/Newlib/_sbrk.o
 .group         0x00000000        0xc ./System/Source/Newlib/_sbrk.o
 .text          0x00000000        0x0 ./System/Source/Newlib/_sbrk.o
 .data          0x00000000        0x0 ./System/Source/Newlib/_sbrk.o
 .bss           0x00000000        0x0 ./System/Source/Newlib/_sbrk.o
 .text._sbrk    0x00000000       0x44 ./System/Source/Newlib/_sbrk.o
 .bss.current_heap_end.3961
                0x00000000        0x4 ./System/Source/Newlib/_sbrk.o
 .debug_info    0x00000000      0x942 ./System/Source/Newlib/_sbrk.o
 .debug_abbrev  0x00000000      0x1fc ./System/Source/Newlib/_sbrk.o
 .debug_loc     0x00000000       0x85 ./System/Source/Newlib/_sbrk.o
 .debug_aranges
                0x00000000       0x20 ./System/Source/Newlib/_sbrk.o
 .debug_ranges  0x00000000       0x10 ./System/Source/Newlib/_sbrk.o
 .debug_macro   0x00000000      0x169 ./System/Source/Newlib/_sbrk.o
 .debug_macro   0x00000000      0xa60 ./System/Source/Newlib/_sbrk.o
 .debug_macro   0x00000000       0x22 ./System/Source/Newlib/_sbrk.o
 .debug_macro   0x00000000       0x58 ./System/Source/Newlib/_sbrk.o
 .debug_macro   0x00000000       0x18 ./System/Source/Newlib/_sbrk.o
 .debug_macro   0x00000000       0x94 ./System/Source/Newlib/_sbrk.o
 .debug_macro   0x00000000       0x35 ./System/Source/Newlib/_sbrk.o
 .debug_macro   0x00000000       0x34 ./System/Source/Newlib/_sbrk.o
 .debug_macro   0x00000000       0x57 ./System/Source/Newlib/_sbrk.o
 .debug_macro   0x00000000      0x174 ./System/Source/Newlib/_sbrk.o
 .debug_macro   0x00000000      0x330 ./System/Source/Newlib/_sbrk.o
 .debug_macro   0x00000000       0x10 ./System/Source/Newlib/_sbrk.o
 .debug_macro   0x00000000       0x58 ./System/Source/Newlib/_sbrk.o
 .debug_macro   0x00000000       0x1f ./System/Source/Newlib/_sbrk.o
 .debug_macro   0x00000000       0x43 ./System/Source/Newlib/_sbrk.o
 .debug_macro   0x00000000       0x20 ./System/Source/Newlib/_sbrk.o
 .debug_macro   0x00000000       0x6a ./System/Source/Newlib/_sbrk.o
 .debug_macro   0x00000000       0x1c ./System/Source/Newlib/_sbrk.o
 .debug_macro   0x00000000       0x52 ./System/Source/Newlib/_sbrk.o
 .debug_macro   0x00000000       0x40 ./System/Source/Newlib/_sbrk.o
 .debug_macro   0x00000000       0x10 ./System/Source/Newlib/_sbrk.o
 .debug_macro   0x00000000       0x40 ./System/Source/Newlib/_sbrk.o
 .debug_macro   0x00000000       0xd7 ./System/Source/Newlib/_sbrk.o
 .debug_macro   0x00000000       0x1c ./System/Source/Newlib/_sbrk.o
 .debug_macro   0x00000000       0x3d ./System/Source/Newlib/_sbrk.o
 .debug_macro   0x00000000       0x10 ./System/Source/Newlib/_sbrk.o
 .debug_macro   0x00000000      0x18e ./System/Source/Newlib/_sbrk.o
 .debug_macro   0x00000000      0x23b ./System/Source/Newlib/_sbrk.o
 .debug_line    0x00000000      0x27e ./System/Source/Newlib/_sbrk.o
 .debug_str     0x00000000     0x711a ./System/Source/Newlib/_sbrk.o
 .comment       0x00000000       0x80 ./System/Source/Newlib/_sbrk.o
 .debug_frame   0x00000000       0x28 ./System/Source/Newlib/_sbrk.o
 .ARM.attributes
                0x00000000       0x33 ./System/Source/Newlib/_sbrk.o
 .group         0x00000000        0xc ./System/Source/Newlib/_startup.o
 .group         0x00000000        0xc ./System/Source/Newlib/_startup.o
 .group         0x00000000        0xc ./System/Source/Newlib/_startup.o
 .group         0x00000000        0xc ./System/Source/Newlib/_startup.o
 .group         0x00000000        0xc ./System/Source/Newlib/_startup.o
 .group         0x00000000        0xc ./System/Source/Newlib/_startup.o
 .group         0x00000000        0xc ./System/Source/Newlib/_startup.o
 .group         0x00000000        0xc ./System/Source/Newlib/_startup.o
 .group         0x00000000        0xc ./System/Source/Newlib/_startup.o
 .group         0x00000000        0xc ./System/Source/Newlib/_startup.o
 .group         0x00000000        0xc ./System/Source/Newlib/_startup.o
 .group         0x00000000        0xc ./System/Source/Newlib/_startup.o
 .group         0x00000000        0xc ./System/Source/Newlib/_startup.o
 .group         0x00000000        0xc ./System/Source/Newlib/_startup.o
 .group         0x00000000        0xc ./System/Source/Newlib/_startup.o
 .group         0x00000000        0xc ./System/Source/Newlib/_startup.o
 .group         0x00000000        0xc ./System/Source/Newlib/_startup.o
 .group         0x00000000        0xc ./System/Source/Newlib/_startup.o
 .group         0x00000000        0xc ./System/Source/Newlib/_startup.o
 .group         0x00000000        0xc ./System/Source/Newlib/_startup.o
 .group         0x00000000        0xc ./System/Source/Newlib/_startup.o
 .group         0x00000000        0xc ./System/Source/Newlib/_startup.o
 .group         0x00000000        0xc ./System/Source/Newlib/_startup.o
 .group         0x00000000        0xc ./System/Source/Newlib/_startup.o
 .group         0x00000000        0xc ./System/Source/Newlib/_startup.o
 .text          0x00000000        0x0 ./System/Source/Newlib/_startup.o
 .data          0x00000000        0x0 ./System/Source/Newlib/_startup.o
 .bss           0x00000000        0x0 ./System/Source/Newlib/_startup.o
 .text.__initialize_data
                0x00000000       0x10 ./System/Source/Newlib/_startup.o
 .text.__initialize_bss
                0x00000000        0xe ./System/Source/Newlib/_startup.o
 .text.__run_init_array
                0x00000000       0x48 ./System/Source/Newlib/_startup.o
 .text.__run_fini_array
                0x00000000       0x24 ./System/Source/Newlib/_startup.o
 .debug_macro   0x00000000      0xa60 ./System/Source/Newlib/_startup.o
 .debug_macro   0x00000000      0x34e ./System/Source/Newlib/_startup.o
 .debug_macro   0x00000000       0x22 ./System/Source/Newlib/_startup.o
 .debug_macro   0x00000000       0x58 ./System/Source/Newlib/_startup.o
 .debug_macro   0x00000000       0x18 ./System/Source/Newlib/_startup.o
 .debug_macro   0x00000000       0x94 ./System/Source/Newlib/_startup.o
 .debug_macro   0x00000000       0x35 ./System/Source/Newlib/_startup.o
 .debug_macro   0x00000000       0x34 ./System/Source/Newlib/_startup.o
 .debug_macro   0x00000000       0x57 ./System/Source/Newlib/_startup.o
 .debug_macro   0x00000000      0x174 ./System/Source/Newlib/_startup.o
 .debug_macro   0x00000000      0x330 ./System/Source/Newlib/_startup.o
 .debug_macro   0x00000000       0x10 ./System/Source/Newlib/_startup.o
 .debug_macro   0x00000000       0x58 ./System/Source/Newlib/_startup.o
 .debug_macro   0x00000000       0x1f ./System/Source/Newlib/_startup.o
 .debug_macro   0x00000000       0x43 ./System/Source/Newlib/_startup.o
 .debug_macro   0x00000000       0x20 ./System/Source/Newlib/_startup.o
 .debug_macro   0x00000000       0x6a ./System/Source/Newlib/_startup.o
 .debug_macro   0x00000000       0x1c ./System/Source/Newlib/_startup.o
 .debug_macro   0x00000000       0x52 ./System/Source/Newlib/_startup.o
 .debug_macro   0x00000000       0x40 ./System/Source/Newlib/_startup.o
 .debug_macro   0x00000000       0x10 ./System/Source/Newlib/_startup.o
 .debug_macro   0x00000000       0x40 ./System/Source/Newlib/_startup.o
 .debug_macro   0x00000000       0xd7 ./System/Source/Newlib/_startup.o
 .debug_macro   0x00000000       0x1c ./System/Source/Newlib/_startup.o
 .debug_macro   0x00000000       0x3d ./System/Source/Newlib/_startup.o
 .group         0x00000000        0xc ./System/Source/Newlib/_syscalls.o
 .group         0x00000000        0xc ./System/Source/Newlib/_syscalls.o
 .group         0x00000000        0xc ./System/Source/Newlib/_syscalls.o
 .group         0x00000000        0xc ./System/Source/Newlib/_syscalls.o
 .group         0x00000000        0xc ./System/Source/Newlib/_syscalls.o
 .group         0x00000000        0xc ./System/Source/Newlib/_syscalls.o
 .group         0x00000000        0xc ./System/Source/Newlib/_syscalls.o
 .group         0x00000000        0xc ./System/Source/Newlib/_syscalls.o
 .group         0x00000000        0xc ./System/Source/Newlib/_syscalls.o
 .group         0x00000000        0xc ./System/Source/Newlib/_syscalls.o
 .group         0x00000000        0xc ./System/Source/Newlib/_syscalls.o
 .group         0x00000000        0xc ./System/Source/Newlib/_syscalls.o
 .group         0x00000000        0xc ./System/Source/Newlib/_syscalls.o
 .group         0x00000000        0xc ./System/Source/Newlib/_syscalls.o
 .group         0x00000000        0xc ./System/Source/Newlib/_syscalls.o
 .group         0x00000000        0xc ./System/Source/Newlib/_syscalls.o
 .group         0x00000000        0xc ./System/Source/Newlib/_syscalls.o
 .group         0x00000000        0xc ./System/Source/Newlib/_syscalls.o
 .group         0x00000000        0xc ./System/Source/Newlib/_syscalls.o
 .group         0x00000000        0xc ./System/Source/Newlib/_syscalls.o
 .group         0x00000000        0xc ./System/Source/Newlib/_syscalls.o
 .group         0x00000000        0xc ./System/Source/Newlib/_syscalls.o
 .group         0x00000000        0xc ./System/Source/Newlib/_syscalls.o
 .group         0x00000000        0xc ./System/Source/Newlib/_syscalls.o
 .group         0x00000000        0xc ./System/Source/Newlib/_syscalls.o
 .group         0x00000000        0xc ./System/Source/Newlib/_syscalls.o
 .group         0x00000000        0xc ./System/Source/Newlib/_syscalls.o
 .group         0x00000000        0xc ./System/Source/Newlib/_syscalls.o
 .group         0x00000000        0xc ./System/Source/Newlib/_syscalls.o
 .group         0x00000000        0xc ./System/Source/Newlib/_syscalls.o
 .group         0x00000000        0xc ./System/Source/Newlib/_syscalls.o
 .group         0x00000000        0xc ./System/Source/Newlib/_syscalls.o
 .group         0x00000000        0xc ./System/Source/Newlib/_syscalls.o
 .group         0x00000000        0xc ./System/Source/Newlib/_syscalls.o
 .group         0x00000000        0xc ./System/Source/Newlib/_syscalls.o
 .group         0x00000000        0xc ./System/Source/Newlib/_syscalls.o
 .group         0x00000000        0xc ./System/Source/Newlib/_syscalls.o
 .group         0x00000000        0xc ./System/Source/Newlib/_syscalls.o
 .group         0x00000000        0xc ./System/Source/Newlib/_syscalls.o
 .text          0x00000000        0x0 ./System/Source/Newlib/_syscalls.o
 .data          0x00000000        0x0 ./System/Source/Newlib/_syscalls.o
 .bss           0x00000000        0x0 ./System/Source/Newlib/_syscalls.o
 .text.__initialize_args
                0x00000000       0x10 ./System/Source/Newlib/_syscalls.o
 .text.raise    0x00000000       0x10 ./System/Source/Newlib/_syscalls.o
 .text.kill     0x00000000       0x10 ./System/Source/Newlib/_syscalls.o
 .bss.__dso_handle
                0x00000000        0x4 ./System/Source/Newlib/_syscalls.o
 .bss.name.4309
                0x00000000        0x1 ./System/Source/Newlib/_syscalls.o
 .data.argv.4310
                0x00000000        0x8 ./System/Source/Newlib/_syscalls.o
 .debug_info    0x00000000      0xa19 ./System/Source/Newlib/_syscalls.o
 .debug_abbrev  0x00000000      0x234 ./System/Source/Newlib/_syscalls.o
 .debug_loc     0x00000000       0x63 ./System/Source/Newlib/_syscalls.o
 .debug_aranges
                0x00000000       0x30 ./System/Source/Newlib/_syscalls.o
 .debug_ranges  0x00000000       0x20 ./System/Source/Newlib/_syscalls.o
 .debug_macro   0x00000000      0x217 ./System/Source/Newlib/_syscalls.o
 .debug_macro   0x00000000      0xa60 ./System/Source/Newlib/_syscalls.o
 .debug_macro   0x00000000       0x22 ./System/Source/Newlib/_syscalls.o
 .debug_macro   0x00000000       0x58 ./System/Source/Newlib/_syscalls.o
 .debug_macro   0x00000000       0x18 ./System/Source/Newlib/_syscalls.o
 .debug_macro   0x00000000       0x94 ./System/Source/Newlib/_syscalls.o
 .debug_macro   0x00000000       0x35 ./System/Source/Newlib/_syscalls.o
 .debug_macro   0x00000000       0x34 ./System/Source/Newlib/_syscalls.o
 .debug_macro   0x00000000       0x1c ./System/Source/Newlib/_syscalls.o
 .debug_macro   0x00000000       0x10 ./System/Source/Newlib/_syscalls.o
 .debug_macro   0x00000000      0x174 ./System/Source/Newlib/_syscalls.o
 .debug_macro   0x00000000       0x57 ./System/Source/Newlib/_syscalls.o
 .debug_macro   0x00000000       0x58 ./System/Source/Newlib/_syscalls.o
 .debug_macro   0x00000000       0x1f ./System/Source/Newlib/_syscalls.o
 .debug_macro   0x00000000       0x43 ./System/Source/Newlib/_syscalls.o
 .debug_macro   0x00000000       0x20 ./System/Source/Newlib/_syscalls.o
 .debug_macro   0x00000000      0x18e ./System/Source/Newlib/_syscalls.o
 .debug_macro   0x00000000      0x23b ./System/Source/Newlib/_syscalls.o
 .debug_macro   0x00000000      0x330 ./System/Source/Newlib/_syscalls.o
 .debug_macro   0x00000000       0x10 ./System/Source/Newlib/_syscalls.o
 .debug_macro   0x00000000       0x35 ./System/Source/Newlib/_syscalls.o
 .debug_macro   0x00000000       0x10 ./System/Source/Newlib/_syscalls.o
 .debug_macro   0x00000000       0x10 ./System/Source/Newlib/_syscalls.o
 .debug_macro   0x00000000       0x10 ./System/Source/Newlib/_syscalls.o
 .debug_macro   0x00000000       0x6a ./System/Source/Newlib/_syscalls.o
 .debug_macro   0x00000000       0x1c ./System/Source/Newlib/_syscalls.o
 .debug_macro   0x00000000       0x52 ./System/Source/Newlib/_syscalls.o
 .debug_macro   0x00000000       0x40 ./System/Source/Newlib/_syscalls.o
 .debug_macro   0x00000000       0x10 ./System/Source/Newlib/_syscalls.o
 .debug_macro   0x00000000       0x40 ./System/Source/Newlib/_syscalls.o
 .debug_macro   0x00000000       0xd7 ./System/Source/Newlib/_syscalls.o
 .debug_macro   0x00000000       0x1c ./System/Source/Newlib/_syscalls.o
 .debug_macro   0x00000000       0x3d ./System/Source/Newlib/_syscalls.o
 .debug_macro   0x00000000       0x35 ./System/Source/Newlib/_syscalls.o
 .debug_macro   0x00000000      0x122 ./System/Source/Newlib/_syscalls.o
 .debug_macro   0x00000000       0x88 ./System/Source/Newlib/_syscalls.o
 .debug_macro   0x00000000       0x2b ./System/Source/Newlib/_syscalls.o
 .debug_macro   0x00000000      0x118 ./System/Source/Newlib/_syscalls.o
 .debug_macro   0x00000000      0x189 ./System/Source/Newlib/_syscalls.o
 .debug_macro   0x00000000       0x16 ./System/Source/Newlib/_syscalls.o
 .debug_line    0x00000000      0x372 ./System/Source/Newlib/_syscalls.o
 .debug_str     0x00000000     0x7ff5 ./System/Source/Newlib/_syscalls.o
 .comment       0x00000000       0x80 ./System/Source/Newlib/_syscalls.o
 .debug_frame   0x00000000       0x50 ./System/Source/Newlib/_syscalls.o
 .ARM.attributes
                0x00000000       0x33 ./System/Source/Newlib/_syscalls.o
 COMMON         0x00000000        0x4 ./System/Source/Newlib/_syscalls.o
 .group         0x00000000        0xc ./System/Source/Newlib/assert.o
 .group         0x00000000        0xc ./System/Source/Newlib/assert.o
 .group         0x00000000        0xc ./System/Source/Newlib/assert.o
 .group         0x00000000        0xc ./System/Source/Newlib/assert.o
 .group         0x00000000        0xc ./System/Source/Newlib/assert.o
 .group         0x00000000        0xc ./System/Source/Newlib/assert.o
 .group         0x00000000        0xc ./System/Source/Newlib/assert.o
 .group         0x00000000        0xc ./System/Source/Newlib/assert.o
 .group         0x00000000        0xc ./System/Source/Newlib/assert.o
 .group         0x00000000        0xc ./System/Source/Newlib/assert.o
 .group         0x00000000        0xc ./System/Source/Newlib/assert.o
 .group         0x00000000        0xc ./System/Source/Newlib/assert.o
 .group         0x00000000        0xc ./System/Source/Newlib/assert.o
 .group         0x00000000        0xc ./System/Source/Newlib/assert.o
 .group         0x00000000        0xc ./System/Source/Newlib/assert.o
 .group         0x00000000        0xc ./System/Source/Newlib/assert.o
 .group         0x00000000        0xc ./System/Source/Newlib/assert.o
 .group         0x00000000        0xc ./System/Source/Newlib/assert.o
 .group         0x00000000        0xc ./System/Source/Newlib/assert.o
 .group         0x00000000        0xc ./System/Source/Newlib/assert.o
 .group         0x00000000        0xc ./System/Source/Newlib/assert.o
 .text          0x00000000        0x0 ./System/Source/Newlib/assert.o
 .data          0x00000000        0x0 ./System/Source/Newlib/assert.o
 .bss           0x00000000        0x0 ./System/Source/Newlib/assert.o
 .debug_info    0x00000000      0x89c ./System/Source/Newlib/assert.o
 .debug_abbrev  0x00000000      0x18e ./System/Source/Newlib/assert.o
 .debug_aranges
                0x00000000       0x18 ./System/Source/Newlib/assert.o
 .debug_macro   0x00000000      0x112 ./System/Source/Newlib/assert.o
 .debug_macro   0x00000000      0xa60 ./System/Source/Newlib/assert.o
 .debug_macro   0x00000000       0x22 ./System/Source/Newlib/assert.o
 .debug_macro   0x00000000       0x58 ./System/Source/Newlib/assert.o
 .debug_macro   0x00000000       0x18 ./System/Source/Newlib/assert.o
 .debug_macro   0x00000000       0x94 ./System/Source/Newlib/assert.o
 .debug_macro   0x00000000       0x35 ./System/Source/Newlib/assert.o
 .debug_macro   0x00000000       0x34 ./System/Source/Newlib/assert.o
 .debug_macro   0x00000000       0x1c ./System/Source/Newlib/assert.o
 .debug_macro   0x00000000       0x16 ./System/Source/Newlib/assert.o
 .debug_macro   0x00000000      0x10e ./System/Source/Newlib/assert.o
 .debug_macro   0x00000000       0x8d ./System/Source/Newlib/assert.o
 .debug_macro   0x00000000       0x57 ./System/Source/Newlib/assert.o
 .debug_macro   0x00000000       0x58 ./System/Source/Newlib/assert.o
 .debug_macro   0x00000000       0x1f ./System/Source/Newlib/assert.o
 .debug_macro   0x00000000       0x43 ./System/Source/Newlib/assert.o
 .debug_macro   0x00000000       0x20 ./System/Source/Newlib/assert.o
 .debug_macro   0x00000000      0x18e ./System/Source/Newlib/assert.o
 .debug_macro   0x00000000      0x330 ./System/Source/Newlib/assert.o
 .debug_macro   0x00000000       0x16 ./System/Source/Newlib/assert.o
 .debug_macro   0x00000000       0x29 ./System/Source/Newlib/assert.o
 .debug_macro   0x00000000      0x34e ./System/Source/Newlib/assert.o
 .debug_line    0x00000000      0x1f9 ./System/Source/Newlib/assert.o
 .debug_str     0x00000000     0x6b21 ./System/Source/Newlib/assert.o
 .comment       0x00000000       0x80 ./System/Source/Newlib/assert.o
 .ARM.attributes
                0x00000000       0x33 ./System/Source/Newlib/assert.o
 .group         0x00000000        0xc ./System/Source/Cmsis/system_stm32f10x.o
 .group         0x00000000        0xc ./System/Source/Cmsis/system_stm32f10x.o
 .group         0x00000000        0xc ./System/Source/Cmsis/system_stm32f10x.o
 .group         0x00000000        0xc ./System/Source/Cmsis/system_stm32f10x.o
 .group         0x00000000        0xc ./System/Source/Cmsis/system_stm32f10x.o
 .group         0x00000000        0xc ./System/Source/Cmsis/system_stm32f10x.o
 .group         0x00000000        0xc ./System/Source/Cmsis/system_stm32f10x.o
 .group         0x00000000        0xc ./System/Source/Cmsis/system_stm32f10x.o
 .group         0x00000000        0xc ./System/Source/Cmsis/system_stm32f10x.o
 .text          0x00000000        0x0 ./System/Source/Cmsis/system_stm32f10x.o
 .data          0x00000000        0x0 ./System/Source/Cmsis/system_stm32f10x.o
 .bss           0x00000000        0x0 ./System/Source/Cmsis/system_stm32f10x.o
 .debug_macro   0x00000000      0xa60 ./System/Source/Cmsis/system_stm32f10x.o
 .debug_macro   0x00000000       0x2e ./System/Source/Cmsis/system_stm32f10x.o
 .debug_macro   0x00000000       0x22 ./System/Source/Cmsis/system_stm32f10x.o
 .debug_macro   0x00000000      0x34e ./System/Source/Cmsis/system_stm32f10x.o
 .debug_macro   0x00000000       0x34 ./System/Source/Cmsis/system_stm32f10x.o
 .debug_macro   0x00000000       0x34 ./System/Source/Cmsis/system_stm32f10x.o
 .debug_macro   0x00000000      0xb8e ./System/Source/Cmsis/system_stm32f10x.o
 .debug_macro   0x00000000     0xe90a ./System/Source/Cmsis/system_stm32f10x.o
 .debug_macro   0x00000000       0x43 ./System/Source/Cmsis/system_stm32f10x.o
 .group         0x00000000        0xc ./System/Source/Cmsis/vectors_stm32f10x.o
 .group         0x00000000        0xc ./System/Source/Cmsis/vectors_stm32f10x.o
 .text          0x00000000        0x0 ./System/Source/Cmsis/vectors_stm32f10x.o
 .data          0x00000000        0x0 ./System/Source/Cmsis/vectors_stm32f10x.o
 .bss           0x00000000        0x0 ./System/Source/Cmsis/vectors_stm32f10x.o
 .debug_macro   0x00000000      0xa60 ./System/Source/Cmsis/vectors_stm32f10x.o
 .debug_macro   0x00000000      0x34e ./System/Source/Cmsis/vectors_stm32f10x.o
 .group         0x00000000        0xc ./Code/main103c8t6_1.o
 .group         0x00000000        0xc ./Code/main103c8t6_1.o
 .group         0x00000000        0xc ./Code/main103c8t6_1.o
 .group         0x00000000        0xc ./Code/main103c8t6_1.o
 .group         0x00000000        0xc ./Code/main103c8t6_1.o
 .group         0x00000000        0xc ./Code/main103c8t6_1.o
 .group         0x00000000        0xc ./Code/main103c8t6_1.o
 .group         0x00000000        0xc ./Code/main103c8t6_1.o
 .group         0x00000000        0xc ./Code/main103c8t6_1.o
 .text          0x00000000        0x0 ./Code/main103c8t6_1.o
 .data          0x00000000        0x0 ./Code/main103c8t6_1.o
 .bss           0x00000000        0x0 ./Code/main103c8t6_1.o
 .rodata.ArmClocksControl
                0x00000000        0x4 ./Code/main103c8t6_1.o
 .rodata.PortA  0x00000000        0x4 ./Code/main103c8t6_1.o
 .rodata.PortB  0x00000000        0x4 ./Code/main103c8t6_1.o
 .rodata.PortC  0x00000000        0x4 ./Code/main103c8t6_1.o
 .rodata.SysTimer
                0x00000000        0x4 ./Code/main103c8t6_1.o
 .debug_macro   0x00000000      0xb02 ./Code/main103c8t6_1.o
 .debug_macro   0x00000000       0x2e ./Code/main103c8t6_1.o
 .debug_macro   0x00000000       0x22 ./Code/main103c8t6_1.o
 .debug_macro   0x00000000      0x34e ./Code/main103c8t6_1.o
 .debug_macro   0x00000000       0x34 ./Code/main103c8t6_1.o
 .debug_macro   0x00000000       0x34 ./Code/main103c8t6_1.o
 .debug_macro   0x00000000     0xe90a ./Code/main103c8t6_1.o
 .debug_macro   0x00000000       0x43 ./Code/main103c8t6_1.o

Memory Configuration

Name             Origin             Length             Attributes
RAM              0x20000000         0x00005000         xrw
CCMRAM           0x00000000         0x00000000         xrw
FLASH            0x08000000         0x00010000         xr
FLASHB1          0x00000000         0x00000000         xr
EXTMEMB0         0x00000000         0x00000000         xr
EXTMEMB1         0x00000000         0x00000000         xr
EXTMEMB2         0x00000000         0x00000000         xr
EXTMEMB3         0x00000000         0x00000000         xr
MEMORY_ARRAY     0x00000000         0x00000000         xrw
*default*        0x00000000         0xffffffff

Linker script and memory map

LOAD ./System/Source/cortexm/_initialize_hardware.o
LOAD ./System/Source/cortexm/_reset_hardware.o
LOAD ./System/Source/cortexm/exception_handlers.o
LOAD ./System/Source/Newlib/_cxx.o
LOAD ./System/Source/Newlib/_exit.o
LOAD ./System/Source/Newlib/_sbrk.o
LOAD ./System/Source/Newlib/_startup.o
LOAD ./System/Source/Newlib/_syscalls.o
LOAD ./System/Source/Newlib/assert.o
LOAD ./System/Source/Cmsis/system_stm32f10x.o
LOAD ./System/Source/Cmsis/vectors_stm32f10x.o
LOAD ./Code/main103c8t6_1.o
                0x20005000                __stack = (ORIGIN (RAM) + LENGTH (RAM))
                0x20005000                _estack = __stack
                0x00000400                __Main_Stack_Size = 0x400
                [!provide]                PROVIDE (_Main_Stack_Size = __Main_Stack_Size)
                0x20004c00                __Main_Stack_Limit = (__stack - __Main_Stack_Size)
                [!provide]                PROVIDE (_Main_Stack_Limit = __Main_Stack_Limit)
                0x00000100                _Minimum_Stack_Size = 0x100
                0x20000028                PROVIDE (_Heap_Begin = _end_noinit)
                0x20004c00                PROVIDE (_Heap_Limit = (__stack - __Main_Stack_Size))

.isr_vector     0x08000000      0x284
 FILL mask 0xff
                0x08000000                __vectors_start = ABSOLUTE (.)
                0x08000000                __vectors_start__ = ABSOLUTE (.)
 *(.isr_vector)
 .isr_vector    0x08000000      0x10c ./System/Source/Cmsis/vectors_stm32f10x.o
                0x08000000                __isr_vectors
 *(.cfmconfig)
 *(.after_vectors .after_vectors.*)
 .after_vectors
                0x0800010c       0x70 ./System/Source/cortexm/exception_handlers.o
                0x0800010c                Reset_Handler
                0x08000112                NMI_Handler
                0x08000116                HardFault_Handler
                0x0800012a                HardFault_Handler_C
                0x0800012e                MemManage_Handler
                0x08000132                BusFault_Handler
                0x08000146                BusFault_Handler_C
                0x0800014a                UsageFault_Handler
                0x0800015e                UsageFault_Handler_C
                0x08000162                SVC_Handler
                0x08000166                DebugMon_Handler
                0x0800016a                PendSV_Handler
 .after_vectors
                0x0800017c      0x104 ./System/Source/Newlib/_startup.o
                0x0800017c                _start
 .after_vectors
                0x08000280        0x4 ./System/Source/Cmsis/vectors_stm32f10x.o
                0x08000280                EXTI2_IRQHandler
                0x08000280                TIM8_TRG_COM_IRQHandler
                0x08000280                TIM8_CC_IRQHandler
                0x08000280                TIM1_CC_IRQHandler
                0x08000280                TIM6_IRQHandler
                0x08000280                PVD_IRQHandler
                0x08000280                SDIO_IRQHandler
                0x08000280                CAN2_RX1_IRQHandler
                0x08000280                EXTI3_IRQHandler
                0x08000280                TIM8_TRG_COM_TIM14_IRQHandler
                0x08000280                TIM1_UP_TIM10_IRQHandler
                0x08000280                TIM8_UP_TIM13_IRQHandler
                0x08000280                EXTI0_IRQHandler
                0x08000280                I2C2_EV_IRQHandler
                0x08000280                CAN1_RX0_IRQHandler
                0x08000280                TIM1_UP_TIM16_IRQHandler
                0x08000280                CAN2_SCE_IRQHandler
                0x08000280                ADC1_2_IRQHandler
                0x08000280                SPI1_IRQHandler
                0x08000280                TAMPER_IRQHandler
                0x08000280                TIM6_DAC_IRQHandler
                0x08000280                TIM1_BRK_TIM9_IRQHandler
                0x08000280                CAN2_RX0_IRQHandler
                0x08000280                TIM8_UP_IRQHandler
                0x08000280                DMA2_Channel2_IRQHandler
                0x08000280                DMA1_Channel4_IRQHandler
                0x08000280                USART3_IRQHandler
                0x08000280                RTC_IRQHandler
                0x08000280                DMA1_Channel7_IRQHandler
                0x08000280                CAN1_RX1_IRQHandler
                0x08000280                UART5_IRQHandler
                0x08000280                ADC3_IRQHandler
                0x08000280                TIM4_IRQHandler
                0x08000280                DMA2_Channel1_IRQHandler
                0x08000280                I2C1_EV_IRQHandler
                0x08000280                DMA1_Channel6_IRQHandler
                0x08000280                UART4_IRQHandler
                0x08000280                DMA2_Channel4_IRQHandler
                0x08000280                TIM3_IRQHandler
                0x08000280                RCC_IRQHandler
                0x08000280                TIM8_BRK_TIM12_IRQHandler
                0x08000280                TIM1_TRG_COM_IRQHandler
                0x08000280                DMA1_Channel1_IRQHandler
                0x08000280                Default_Handler
                0x08000280                CEC_IRQHandler
                0x08000280                EXTI15_10_IRQHandler
                0x08000280                TIM14_IRQHandler
                0x08000280                TIM13_IRQHandler
                0x08000280                TIM12_IRQHandler
                0x08000280                TIM7_IRQHandler
                0x08000280                CAN2_TX_IRQHandler
                0x08000280                TIM5_IRQHandler
                0x08000280                EXTI9_5_IRQHandler
                0x08000280                ETH_WKUP_IRQHandler
                0x08000280                SPI2_IRQHandler
                0x08000280                CAN1_TX_IRQHandler
                0x08000280                DMA2_Channel5_IRQHandler
                0x08000280                DMA1_Channel5_IRQHandler
                0x08000280                EXTI4_IRQHandler
                0x08000280                USB_LP_CAN1_RX0_IRQHandler
                0x08000280                TIM1_TRG_COM_TIM17_IRQHandler
                0x08000280                USB_HP_CAN1_TX_IRQHandler
                0x08000280                DMA1_Channel3_IRQHandler
                0x08000280                FSMC_IRQHandler
                0x08000280                ETH_IRQHandler
                0x08000280                TIM1_UP_IRQHandler
                0x08000280                WWDG_IRQHandler
                0x08000280                TIM2_IRQHandler
                0x08000280                OTG_FS_WKUP_IRQHandler
                0x08000280                TIM1_TRG_COM_TIM11_IRQHandler
                0x08000280                TIM1_BRK_IRQHandler
                0x08000280                EXTI1_IRQHandler
                0x08000280                RTCAlarm_IRQHandler
                0x08000280                DMA2_Channel4_5_IRQHandler
                0x08000280                USART2_IRQHandler
                0x08000280                I2C2_ER_IRQHandler
                0x08000280                DMA1_Channel2_IRQHandler
                0x08000280                TIM8_BRK_IRQHandler
                0x08000280                CAN1_SCE_IRQHandler
                0x08000280                FLASH_IRQHandler
                0x08000280                USART1_IRQHandler
                0x08000280                OTG_FS_IRQHandler
                0x08000280                SPI3_IRQHandler
                0x08000280                I2C1_ER_IRQHandler
                0x08000280                USBWakeUp_IRQHandler
                0x08000280                DMA2_Channel3_IRQHandler
                0x08000280                TIM1_BRK_TIM15_IRQHandler

.inits          0x08000284       0x28
                0x08000284                __data_regions_array_start = .
                0x08000284        0x4 LONG 0x8000530 LOADADDR (.data)
                0x08000288        0x4 LONG 0x20000000 ADDR (.data)
                0x0800028c        0x4 LONG 0x20000020 (ADDR (.data) + SIZEOF (.data))
                0x08000290        0x4 LONG 0x8000530 LOADADDR (.data_CCMRAM)
                0x08000294        0x4 LONG 0x0 ADDR (.data_CCMRAM)
                0x08000298        0x4 LONG 0x0 (ADDR (.data_CCMRAM) + SIZEOF (.data_CCMRAM))
                0x0800029c                __data_regions_array_end = .
                0x0800029c                __bss_regions_array_start = .
                0x0800029c        0x4 LONG 0x20000020 ADDR (.bss)
                0x080002a0        0x4 LONG 0x20000028 (ADDR (.bss) + SIZEOF (.bss))
                0x080002a4        0x4 LONG 0x0 ADDR (.bss_CCMRAM)
                0x080002a8        0x4 LONG 0x0 (ADDR (.bss_CCMRAM) + SIZEOF (.bss_CCMRAM))
                0x080002ac                __bss_regions_array_end = .
 *(.init)
 *(.fini)
                0x080002ac                . = ALIGN (0x4)
                0x080002ac                PROVIDE (__preinit_array_start = .)
 *(.preinit_array_sysinit .preinit_array_sysinit.*)
 *(.preinit_array_platform .preinit_array_platform.*)
 *(.preinit_array .preinit_array.*)
                0x080002ac                PROVIDE (__preinit_array_end = .)
                0x080002ac                . = ALIGN (0x4)
                0x080002ac                PROVIDE (__init_array_start = .)
 *(SORT_BY_NAME(.init_array.*))
 *(.init_array)
                0x080002ac                PROVIDE (__init_array_end = .)
                0x080002ac                . = ALIGN (0x4)
                0x080002ac                PROVIDE (__fini_array_start = .)
 *(SORT_BY_NAME(.fini_array.*))
 *(.fini_array)
                0x080002ac                PROVIDE (__fini_array_end = .)

.flashtext
 *(.flashtext .flashtext.*)

.text           0x080002ac      0x284
 *(.text .text.*)
 .text.__initialize_hardware_early
                0x080002ac       0x18 ./System/Source/cortexm/_initialize_hardware.o
                0x080002ac                __initialize_hardware_early
 .text.__initialize_hardware
                0x080002c4        0x8 ./System/Source/cortexm/_initialize_hardware.o
                0x080002c4                __initialize_hardware
 .text._exit    0x080002cc        0x2 ./System/Source/Newlib/_exit.o
                0x080002cc                _exit
 *fill*         0x080002ce        0x2 
 .text.SetSysClockTo72
                0x080002d0       0xc4 ./System/Source/Cmsis/system_stm32f10x.o
 .text.SetSysClock
                0x08000394        0x8 ./System/Source/Cmsis/system_stm32f10x.o
 .text.SystemInit
                0x0800039c       0x50 ./System/Source/Cmsis/system_stm32f10x.o
                0x0800039c                SystemInit
 .text.SystemCoreClockUpdate
                0x080003ec       0x94 ./System/Source/Cmsis/system_stm32f10x.o
                0x080003ec                SystemCoreClockUpdate
 .text.main     0x08000480       0xa0 ./Code/main103c8t6_1.o
                0x08000480                main
 .text.SysTick_Handler
                0x08000520       0x10 ./Code/main103c8t6_1.o
                0x08000520                SysTick_Handler
 *(.rodata .rodata.* .constdata .constdata.*)
 *(vtable)
 *(.eh_frame*)
 *(.glue_7)
 .glue_7        0x08000530        0x0 linker stubs
 *(.glue_7t)
 .glue_7t       0x08000530        0x0 linker stubs

.vfp11_veneer   0x08000530        0x0
 .vfp11_veneer  0x08000530        0x0 linker stubs

.v4_bx          0x08000530        0x0
 .v4_bx         0x08000530        0x0 linker stubs

.iplt           0x08000530        0x0
 .iplt          0x08000530        0x0 ./System/Source/cortexm/_initialize_hardware.o

.rel.dyn        0x08000530        0x0
 .rel.iplt      0x08000530        0x0 ./System/Source/cortexm/_initialize_hardware.o

.ARM.extab
 *(.ARM.extab* .gnu.linkonce.armextab.*)
                0x08000530                . = ALIGN (0x4)
                0x08000530                __exidx_start = .

.ARM.exidx
 *(.ARM.exidx* .gnu.linkonce.armexidx.*)
                0x08000530                __exidx_end = .
                0x08000530                . = ALIGN (0x4)
                0x08000530                _etext = .
                0x08000530                __etext = .

.data_CCMRAM    0x00000000        0x0 load address 0x08000530
 FILL mask 0xff
 *(.data.CCMRAM .data.CCMRAM.*)
                0x00000000                . = ALIGN (0x4)
                0x08000530                _sidata = LOADADDR (.data)

.data           0x20000000       0x20 load address 0x08000530
 FILL mask 0xff
                0x20000000                _sdata = .
                0x20000000                __data_start__ = .
 *(.data_begin .data_begin.*)
 .data_begin    0x20000000        0x4 ./System/Source/Newlib/_startup.o
 *(.data .data.*)
 .data.AHBPrescTable
                0x20000004       0x10 ./System/Source/Cmsis/system_stm32f10x.o
                0x20000004                AHBPrescTable
 .data.SystemCoreClock
                0x20000014        0x4 ./System/Source/Cmsis/system_stm32f10x.o
                0x20000014                SystemCoreClock
 .data._ZN13TSysTickTimer4TickE
                0x20000018        0x4 ./Code/main103c8t6_1.o
                0x20000018                TSysTickTimer::Tick
 *(.data_end .data_end.*)
 .data_end      0x2000001c        0x4 ./System/Source/Newlib/_startup.o
                0x20000020                . = ALIGN (0x4)
                0x20000020                _edata = .
                0x20000020                __data_end__ = .

.igot.plt       0x20000020        0x0 load address 0x08000550
 .igot.plt      0x20000020        0x0 ./System/Source/cortexm/_initialize_hardware.o

.bss_CCMRAM     0x00000000        0x0
 *(.bss.CCMRAM .bss.CCMRAM.*)

.bss            0x20000020        0x8
                0x20000020                __bss_start__ = .
                0x20000020                _sbss = .
 *(.bss_begin .bss_begin.*)
 .bss_begin     0x20000020        0x4 ./System/Source/Newlib/_startup.o
 *(.bss .bss.*)
 *(COMMON)
 *(.bss_end .bss_end.*)
 .bss_end       0x20000024        0x4 ./System/Source/Newlib/_startup.o
                0x20000028                . = ALIGN (0x4)
                0x20000028                __bss_end__ = .
                0x20000028                _ebss = .

.noinit_CCMRAM
 *(.noinit.CCMRAM .noinit.CCMRAM.*)

.noinit         0x20000028        0x0
                0x20000028                _noinit = .
 *(.noinit .noinit.*)
                0x20000028                . = ALIGN (0x4)
                0x20000028                _end_noinit = .
                [!provide]                PROVIDE (end = _end_noinit)
                [!provide]                PROVIDE (_end = _end_noinit)
                [!provide]                PROVIDE (__end = _end_noinit)
                [!provide]                PROVIDE (__end__ = _end_noinit)

._check_stack   0x20000028      0x100
                0x20000128                . = (. + _Minimum_Stack_Size)
 *fill*         0x20000028      0x100 

.b1text
 *(.b1text)
 *(.b1rodata)
 *(.b1rodata.*)

.eb0text
 *(.eb0text)
 *(.eb0rodata)
 *(.eb0rodata.*)

.eb1text
 *(.eb1text)
 *(.eb1rodata)
 *(.eb1rodata.*)

.eb2text
 *(.eb2text)
 *(.eb2rodata)
 *(.eb2rodata.*)

.eb3text
 *(.eb3text)
 *(.eb3rodata)
 *(.eb3rodata.*)

.stab
 *(.stab)

.stabstr
 *(.stabstr)

.stab.excl
 *(.stab.excl)

.stab.exclstr
 *(.stab.exclstr)

.stab.index
 *(.stab.index)

.stab.indexstr
 *(.stab.indexstr)

.comment        0x00000000       0x7f
 *(.comment)
 .comment       0x00000000       0x7f ./System/Source/cortexm/_initialize_hardware.o
                                 0x80 (size before relaxing)
 .comment       0x0000007f       0x80 ./System/Source/cortexm/exception_handlers.o
 .comment       0x0000007f       0x80 ./System/Source/Newlib/_exit.o
 .comment       0x0000007f       0x80 ./System/Source/Newlib/_startup.o
 .comment       0x0000007f       0x80 ./System/Source/Cmsis/system_stm32f10x.o
 .comment       0x0000007f       0x80 ./System/Source/Cmsis/vectors_stm32f10x.o
 .comment       0x0000007f       0x80 ./Code/main103c8t6_1.o

.ARM.attributes
                0x00000000       0x33
 .ARM.attributes
                0x00000000       0x33 ./System/Source/cortexm/_initialize_hardware.o
 .ARM.attributes
                0x00000033       0x33 ./System/Source/cortexm/exception_handlers.o
 .ARM.attributes
                0x00000066       0x33 ./System/Source/Newlib/_exit.o
 .ARM.attributes
                0x00000099       0x33 ./System/Source/Newlib/_startup.o
 .ARM.attributes
                0x000000cc       0x33 ./System/Source/Cmsis/system_stm32f10x.o
 .ARM.attributes
                0x000000ff       0x33 ./System/Source/Cmsis/vectors_stm32f10x.o
 .ARM.attributes
                0x00000132       0x33 ./Code/main103c8t6_1.o

.debug
 *(.debug)

.line
 *(.line)

.debug_srcinfo
 *(.debug_srcinfo)

.debug_sfnames
 *(.debug_sfnames)

.debug_aranges  0x00000000      0x190
 *(.debug_aranges)
 .debug_aranges
                0x00000000       0x28 ./System/Source/cortexm/_initialize_hardware.o
 .debug_aranges
                0x00000028       0x80 ./System/Source/cortexm/exception_handlers.o
 .debug_aranges
                0x000000a8       0x28 ./System/Source/Newlib/_exit.o
 .debug_aranges
                0x000000d0       0x40 ./System/Source/Newlib/_startup.o
 .debug_aranges
                0x00000110       0x38 ./System/Source/Cmsis/system_stm32f10x.o
 .debug_aranges
                0x00000148       0x20 ./System/Source/Cmsis/vectors_stm32f10x.o
 .debug_aranges
                0x00000168       0x28 ./Code/main103c8t6_1.o

.debug_pubnames
 *(.debug_pubnames)

.debug_info     0x00000000     0x2d23
 *(.debug_info .gnu.linkonce.wi.*)
 .debug_info    0x00000000      0x304 ./System/Source/cortexm/_initialize_hardware.o
 .debug_info    0x00000304      0xaff ./System/Source/cortexm/exception_handlers.o
 .debug_info    0x00000e03      0x8e8 ./System/Source/Newlib/_exit.o
 .debug_info    0x000016eb      0x3ce ./System/Source/Newlib/_startup.o
 .debug_info    0x00001ab9      0x4ba ./System/Source/Cmsis/system_stm32f10x.o
 .debug_info    0x00001f73       0xca ./System/Source/Cmsis/vectors_stm32f10x.o
 .debug_info    0x0000203d      0xce6 ./Code/main103c8t6_1.o

.debug_abbrev   0x00000000      0xb9e
 *(.debug_abbrev)
 .debug_abbrev  0x00000000       0xea ./System/Source/cortexm/_initialize_hardware.o
 .debug_abbrev  0x000000ea      0x23a ./System/Source/cortexm/exception_handlers.o
 .debug_abbrev  0x00000324      0x1ed ./System/Source/Newlib/_exit.o
 .debug_abbrev  0x00000511      0x188 ./System/Source/Newlib/_startup.o
 .debug_abbrev  0x00000699      0x166 ./System/Source/Cmsis/system_stm32f10x.o
 .debug_abbrev  0x000007ff       0x9d ./System/Source/Cmsis/vectors_stm32f10x.o
 .debug_abbrev  0x0000089c      0x302 ./Code/main103c8t6_1.o

.debug_line     0x00000000      0xde3
 *(.debug_line)
 .debug_line    0x00000000      0x158 ./System/Source/cortexm/_initialize_hardware.o
 .debug_line    0x00000158      0x312 ./System/Source/cortexm/exception_handlers.o
 .debug_line    0x0000046a      0x1f2 ./System/Source/Newlib/_exit.o
 .debug_line    0x0000065c      0x337 ./System/Source/Newlib/_startup.o
 .debug_line    0x00000993      0x1dd ./System/Source/Cmsis/system_stm32f10x.o
 .debug_line    0x00000b70       0xe1 ./System/Source/Cmsis/vectors_stm32f10x.o
 .debug_line    0x00000c51      0x192 ./Code/main103c8t6_1.o

.debug_frame    0x00000000      0x298
 *(.debug_frame)
 .debug_frame   0x00000000       0x40 ./System/Source/cortexm/_initialize_hardware.o
 .debug_frame   0x00000040       0xe8 ./System/Source/cortexm/exception_handlers.o
 .debug_frame   0x00000128       0x38 ./System/Source/Newlib/_exit.o
 .debug_frame   0x00000160       0x7c ./System/Source/Newlib/_startup.o
 .debug_frame   0x000001dc       0x6c ./System/Source/Cmsis/system_stm32f10x.o
 .debug_frame   0x00000248       0x20 ./System/Source/Cmsis/vectors_stm32f10x.o
 .debug_frame   0x00000268       0x30 ./Code/main103c8t6_1.o

.debug_str      0x00000000    0x5a2e5
 *(.debug_str)
 .debug_str     0x00000000    0x553e1 ./System/Source/cortexm/_initialize_hardware.o
                              0x55613 (size before relaxing)
 .debug_str     0x000553e1     0x32a3 ./System/Source/cortexm/exception_handlers.o
                              0x5889e (size before relaxing)
 .debug_str     0x00058684      0x11d ./System/Source/Newlib/_exit.o
                               0x606b (size before relaxing)
 .debug_str     0x000587a1      0xec0 ./System/Source/Newlib/_startup.o
                               0x6834 (size before relaxing)
 .debug_str     0x00059661      0x12d ./System/Source/Cmsis/system_stm32f10x.o
                              0x556df (size before relaxing)
 .debug_str     0x0005978e       0x5a ./System/Source/Cmsis/vectors_stm32f10x.o
                               0x3839 (size before relaxing)
 .debug_str     0x000597e8      0xafd ./Code/main103c8t6_1.o
                              0x55ffd (size before relaxing)

.debug_loc      0x00000000      0x32c
 *(.debug_loc)
 .debug_loc     0x00000000      0x180 ./System/Source/Newlib/_startup.o
 .debug_loc     0x00000180       0xdf ./System/Source/Cmsis/system_stm32f10x.o
 .debug_loc     0x0000025f       0xcd ./Code/main103c8t6_1.o

.debug_macinfo
 *(.debug_macinfo)

.debug_weaknames
 *(.debug_weaknames)

.debug_funcnames
 *(.debug_funcnames)

.debug_typenames
 *(.debug_typenames)

.debug_varnames
 *(.debug_varnames)
OUTPUT(f103c8t6_1.elf elf32-littlearm)

.debug_ranges   0x00000000      0x168
 .debug_ranges  0x00000000       0x18 ./System/Source/cortexm/_initialize_hardware.o
 .debug_ranges  0x00000018       0x70 ./System/Source/cortexm/exception_handlers.o
 .debug_ranges  0x00000088       0x18 ./System/Source/Newlib/_exit.o
 .debug_ranges  0x000000a0       0x78 ./System/Source/Newlib/_startup.o
 .debug_ranges  0x00000118       0x28 ./System/Source/Cmsis/system_stm32f10x.o
 .debug_ranges  0x00000140       0x10 ./System/Source/Cmsis/vectors_stm32f10x.o
 .debug_ranges  0x00000150       0x18 ./Code/main103c8t6_1.o

.debug_macro    0x00000000    0x11f90
 .debug_macro   0x00000000       0x80 ./System/Source/cortexm/_initialize_hardware.o
 .debug_macro   0x00000080      0xa60 ./System/Source/cortexm/_initialize_hardware.o
 .debug_macro   0x00000ae0       0x2e ./System/Source/cortexm/_initialize_hardware.o
 .debug_macro   0x00000b0e       0x22 ./System/Source/cortexm/_initialize_hardware.o
 .debug_macro   0x00000b30      0x34e ./System/Source/cortexm/_initialize_hardware.o
 .debug_macro   0x00000e7e       0x34 ./System/Source/cortexm/_initialize_hardware.o
 .debug_macro   0x00000eb2       0x34 ./System/Source/cortexm/_initialize_hardware.o
 .debug_macro   0x00000ee6      0xb8e ./System/Source/cortexm/_initialize_hardware.o
 .debug_macro   0x00001a74     0xe90a ./System/Source/cortexm/_initialize_hardware.o
 .debug_macro   0x0001037e       0x43 ./System/Source/cortexm/_initialize_hardware.o
 .debug_macro   0x000103c1      0x16c ./System/Source/cortexm/exception_handlers.o
 .debug_macro   0x0001052d       0x3a ./System/Source/cortexm/exception_handlers.o
 .debug_macro   0x00010567       0x22 ./System/Source/cortexm/exception_handlers.o
 .debug_macro   0x00010589       0x58 ./System/Source/cortexm/exception_handlers.o
 .debug_macro   0x000105e1       0x18 ./System/Source/cortexm/exception_handlers.o
 .debug_macro   0x000105f9       0x94 ./System/Source/cortexm/exception_handlers.o
 .debug_macro   0x0001068d       0x35 ./System/Source/cortexm/exception_handlers.o
 .debug_macro   0x000106c2       0x34 ./System/Source/cortexm/exception_handlers.o
 .debug_macro   0x000106f6      0x174 ./System/Source/cortexm/exception_handlers.o
 .debug_macro   0x0001086a       0x57 ./System/Source/cortexm/exception_handlers.o
 .debug_macro   0x000108c1       0x58 ./System/Source/cortexm/exception_handlers.o
 .debug_macro   0x00010919       0x1f ./System/Source/cortexm/exception_handlers.o
 .debug_macro   0x00010938       0x43 ./System/Source/cortexm/exception_handlers.o
 .debug_macro   0x0001097b       0x20 ./System/Source/cortexm/exception_handlers.o
 .debug_macro   0x0001099b      0x18e ./System/Source/cortexm/exception_handlers.o
 .debug_macro   0x00010b29      0x330 ./System/Source/cortexm/exception_handlers.o
 .debug_macro   0x00010e59       0x10 ./System/Source/cortexm/exception_handlers.o
 .debug_macro   0x00010e69       0x35 ./System/Source/cortexm/exception_handlers.o
 .debug_macro   0x00010e9e       0xf6 ./System/Source/Newlib/_exit.o
 .debug_macro   0x00010f94      0x10e ./System/Source/Newlib/_exit.o
 .debug_macro   0x000110a2       0x8d ./System/Source/Newlib/_exit.o
 .debug_macro   0x0001112f      0x173 ./System/Source/Newlib/_startup.o
 .debug_macro   0x000112a2       0x94 ./System/Source/Cmsis/system_stm32f10x.o
 .debug_macro   0x00011336       0x34 ./System/Source/Cmsis/vectors_stm32f10x.o
 .debug_macro   0x0001136a       0x98 ./Code/main103c8t6_1.o
 .debug_macro   0x00011402      0xb8e ./Code/main103c8t6_1.o

Cross Reference Table

Symbol                                            File
ADC1_2_IRQHandler                                 ./System/Source/Cmsis/vectors_stm32f10x.o
ADC3_IRQHandler                                   ./System/Source/Cmsis/vectors_stm32f10x.o
AHBPrescTable                                     ./System/Source/Cmsis/system_stm32f10x.o
ArmClocksControl                                  ./Code/main103c8t6_1.o
BusFault_Handler                                  ./System/Source/cortexm/exception_handlers.o
                                                  ./System/Source/Cmsis/vectors_stm32f10x.o
BusFault_Handler_C                                ./System/Source/cortexm/exception_handlers.o
CAN1_RX0_IRQHandler                               ./System/Source/Cmsis/vectors_stm32f10x.o
CAN1_RX1_IRQHandler                               ./System/Source/Cmsis/vectors_stm32f10x.o
CAN1_SCE_IRQHandler                               ./System/Source/Cmsis/vectors_stm32f10x.o
CAN1_TX_IRQHandler                                ./System/Source/Cmsis/vectors_stm32f10x.o
CAN2_RX0_IRQHandler                               ./System/Source/Cmsis/vectors_stm32f10x.o
CAN2_RX1_IRQHandler                               ./System/Source/Cmsis/vectors_stm32f10x.o
CAN2_SCE_IRQHandler                               ./System/Source/Cmsis/vectors_stm32f10x.o
CAN2_TX_IRQHandler                                ./System/Source/Cmsis/vectors_stm32f10x.o
CEC_IRQHandler                                    ./System/Source/Cmsis/vectors_stm32f10x.o
DMA1_Channel1_IRQHandler                          ./System/Source/Cmsis/vectors_stm32f10x.o
DMA1_Channel2_IRQHandler                          ./System/Source/Cmsis/vectors_stm32f10x.o
DMA1_Channel3_IRQHandler                          ./System/Source/Cmsis/vectors_stm32f10x.o
DMA1_Channel4_IRQHandler                          ./System/Source/Cmsis/vectors_stm32f10x.o
DMA1_Channel5_IRQHandler                          ./System/Source/Cmsis/vectors_stm32f10x.o
DMA1_Channel6_IRQHandler                          ./System/Source/Cmsis/vectors_stm32f10x.o
DMA1_Channel7_IRQHandler                          ./System/Source/Cmsis/vectors_stm32f10x.o
DMA2_Channel1_IRQHandler                          ./System/Source/Cmsis/vectors_stm32f10x.o
DMA2_Channel2_IRQHandler                          ./System/Source/Cmsis/vectors_stm32f10x.o
DMA2_Channel3_IRQHandler                          ./System/Source/Cmsis/vectors_stm32f10x.o
DMA2_Channel4_5_IRQHandler                        ./System/Source/Cmsis/vectors_stm32f10x.o
DMA2_Channel4_IRQHandler                          ./System/Source/Cmsis/vectors_stm32f10x.o
DMA2_Channel5_IRQHandler                          ./System/Source/Cmsis/vectors_stm32f10x.o
DebugMon_Handler                                  ./System/Source/cortexm/exception_handlers.o
                                                  ./System/Source/Cmsis/vectors_stm32f10x.o
Default_Handler                                   ./System/Source/Cmsis/vectors_stm32f10x.o
ETH_IRQHandler                                    ./System/Source/Cmsis/vectors_stm32f10x.o
ETH_WKUP_IRQHandler                               ./System/Source/Cmsis/vectors_stm32f10x.o
EXTI0_IRQHandler                                  ./System/Source/Cmsis/vectors_stm32f10x.o
EXTI15_10_IRQHandler                              ./System/Source/Cmsis/vectors_stm32f10x.o
EXTI1_IRQHandler                                  ./System/Source/Cmsis/vectors_stm32f10x.o
EXTI2_IRQHandler                                  ./System/Source/Cmsis/vectors_stm32f10x.o
EXTI3_IRQHandler                                  ./System/Source/Cmsis/vectors_stm32f10x.o
EXTI4_IRQHandler                                  ./System/Source/Cmsis/vectors_stm32f10x.o
EXTI9_5_IRQHandler                                ./System/Source/Cmsis/vectors_stm32f10x.o
FLASH_IRQHandler                                  ./System/Source/Cmsis/vectors_stm32f10x.o
FSMC_IRQHandler                                   ./System/Source/Cmsis/vectors_stm32f10x.o
HardFault_Handler                                 ./System/Source/cortexm/exception_handlers.o
                                                  ./System/Source/Cmsis/vectors_stm32f10x.o
HardFault_Handler_C                               ./System/Source/cortexm/exception_handlers.o
I2C1_ER_IRQHandler                                ./System/Source/Cmsis/vectors_stm32f10x.o
I2C1_EV_IRQHandler                                ./System/Source/Cmsis/vectors_stm32f10x.o
I2C2_ER_IRQHandler                                ./System/Source/Cmsis/vectors_stm32f10x.o
I2C2_EV_IRQHandler                                ./System/Source/Cmsis/vectors_stm32f10x.o
MemManage_Handler                                 ./System/Source/cortexm/exception_handlers.o
                                                  ./System/Source/Cmsis/vectors_stm32f10x.o
NMI_Handler                                       ./System/Source/cortexm/exception_handlers.o
                                                  ./System/Source/Cmsis/vectors_stm32f10x.o
OTG_FS_IRQHandler                                 ./System/Source/Cmsis/vectors_stm32f10x.o
OTG_FS_WKUP_IRQHandler                            ./System/Source/Cmsis/vectors_stm32f10x.o
PVD_IRQHandler                                    ./System/Source/Cmsis/vectors_stm32f10x.o
PendSV_Handler                                    ./System/Source/cortexm/exception_handlers.o
                                                  ./System/Source/Cmsis/vectors_stm32f10x.o
PortA                                             ./Code/main103c8t6_1.o
PortB                                             ./Code/main103c8t6_1.o
PortC                                             ./Code/main103c8t6_1.o
RCC_IRQHandler                                    ./System/Source/Cmsis/vectors_stm32f10x.o
RTCAlarm_IRQHandler                               ./System/Source/Cmsis/vectors_stm32f10x.o
RTC_IRQHandler                                    ./System/Source/Cmsis/vectors_stm32f10x.o
Reset_Handler                                     ./System/Source/cortexm/exception_handlers.o
                                                  ./System/Source/Cmsis/vectors_stm32f10x.o
SDIO_IRQHandler                                   ./System/Source/Cmsis/vectors_stm32f10x.o
SPI1_IRQHandler                                   ./System/Source/Cmsis/vectors_stm32f10x.o
SPI2_IRQHandler                                   ./System/Source/Cmsis/vectors_stm32f10x.o
SPI3_IRQHandler                                   ./System/Source/Cmsis/vectors_stm32f10x.o
SVC_Handler                                       ./System/Source/cortexm/exception_handlers.o
                                                  ./System/Source/Cmsis/vectors_stm32f10x.o
SysTick_Handler                                   ./Code/main103c8t6_1.o
                                                  ./System/Source/cortexm/exception_handlers.o
                                                  ./System/Source/Cmsis/vectors_stm32f10x.o
SysTimer                                          ./Code/main103c8t6_1.o
SystemCoreClock                                   ./System/Source/Cmsis/system_stm32f10x.o
                                                  ./Code/main103c8t6_1.o
SystemCoreClockUpdate                             ./System/Source/Cmsis/system_stm32f10x.o
                                                  ./System/Source/cortexm/_initialize_hardware.o
SystemInit                                        ./System/Source/Cmsis/system_stm32f10x.o
                                                  ./System/Source/cortexm/_initialize_hardware.o
TAMPER_IRQHandler                                 ./System/Source/Cmsis/vectors_stm32f10x.o
TIM12_IRQHandler                                  ./System/Source/Cmsis/vectors_stm32f10x.o
TIM13_IRQHandler                                  ./System/Source/Cmsis/vectors_stm32f10x.o
TIM14_IRQHandler                                  ./System/Source/Cmsis/vectors_stm32f10x.o
TIM1_BRK_IRQHandler                               ./System/Source/Cmsis/vectors_stm32f10x.o
TIM1_BRK_TIM15_IRQHandler                         ./System/Source/Cmsis/vectors_stm32f10x.o
TIM1_BRK_TIM9_IRQHandler                          ./System/Source/Cmsis/vectors_stm32f10x.o
TIM1_CC_IRQHandler                                ./System/Source/Cmsis/vectors_stm32f10x.o
TIM1_TRG_COM_IRQHandler                           ./System/Source/Cmsis/vectors_stm32f10x.o
TIM1_TRG_COM_TIM11_IRQHandler                     ./System/Source/Cmsis/vectors_stm32f10x.o
TIM1_TRG_COM_TIM17_IRQHandler                     ./System/Source/Cmsis/vectors_stm32f10x.o
TIM1_UP_IRQHandler                                ./System/Source/Cmsis/vectors_stm32f10x.o
TIM1_UP_TIM10_IRQHandler                          ./System/Source/Cmsis/vectors_stm32f10x.o
TIM1_UP_TIM16_IRQHandler                          ./System/Source/Cmsis/vectors_stm32f10x.o
TIM2_IRQHandler                                   ./System/Source/Cmsis/vectors_stm32f10x.o
TIM3_IRQHandler                                   ./System/Source/Cmsis/vectors_stm32f10x.o
TIM4_IRQHandler                                   ./System/Source/Cmsis/vectors_stm32f10x.o
TIM5_IRQHandler                                   ./System/Source/Cmsis/vectors_stm32f10x.o
TIM6_DAC_IRQHandler                               ./System/Source/Cmsis/vectors_stm32f10x.o
TIM6_IRQHandler                                   ./System/Source/Cmsis/vectors_stm32f10x.o
TIM7_IRQHandler                                   ./System/Source/Cmsis/vectors_stm32f10x.o
TIM8_BRK_IRQHandler                               ./System/Source/Cmsis/vectors_stm32f10x.o
TIM8_BRK_TIM12_IRQHandler                         ./System/Source/Cmsis/vectors_stm32f10x.o
TIM8_CC_IRQHandler                                ./System/Source/Cmsis/vectors_stm32f10x.o
TIM8_TRG_COM_IRQHandler                           ./System/Source/Cmsis/vectors_stm32f10x.o
TIM8_TRG_COM_TIM14_IRQHandler                     ./System/Source/Cmsis/vectors_stm32f10x.o
TIM8_UP_IRQHandler                                ./System/Source/Cmsis/vectors_stm32f10x.o
TIM8_UP_TIM13_IRQHandler                          ./System/Source/Cmsis/vectors_stm32f10x.o
TSysTickTimer::Tick                               ./Code/main103c8t6_1.o
UART4_IRQHandler                                  ./System/Source/Cmsis/vectors_stm32f10x.o
UART5_IRQHandler                                  ./System/Source/Cmsis/vectors_stm32f10x.o
USART1_IRQHandler                                 ./System/Source/Cmsis/vectors_stm32f10x.o
USART2_IRQHandler                                 ./System/Source/Cmsis/vectors_stm32f10x.o
USART3_IRQHandler                                 ./System/Source/Cmsis/vectors_stm32f10x.o
USBWakeUp_IRQHandler                              ./System/Source/Cmsis/vectors_stm32f10x.o
USB_HP_CAN1_TX_IRQHandler                         ./System/Source/Cmsis/vectors_stm32f10x.o
USB_LP_CAN1_RX0_IRQHandler                        ./System/Source/Cmsis/vectors_stm32f10x.o
UsageFault_Handler                                ./System/Source/cortexm/exception_handlers.o
                                                  ./System/Source/Cmsis/vectors_stm32f10x.o
UsageFault_Handler_C                              ./System/Source/cortexm/exception_handlers.o
WWDG_IRQHandler                                   ./System/Source/Cmsis/vectors_stm32f10x.o
_Heap_Begin                                       ./System/Source/Newlib/_sbrk.o
_Heap_Limit                                       ./System/Source/Newlib/_sbrk.o
__bss_end__                                       ./System/Source/Newlib/_startup.o
__bss_start__                                     ./System/Source/Newlib/_startup.o
__cxa_pure_virtual                                ./System/Source/Newlib/_cxx.o
__dso_handle                                      ./System/Source/Newlib/_syscalls.o
__errno                                           ./System/Source/Newlib/_syscalls.o
                                                  ./System/Source/Newlib/_sbrk.o
__fini_array_end                                  ./System/Source/Newlib/_startup.o
__fini_array_start                                ./System/Source/Newlib/_startup.o
__gnu_cxx::__verbose_terminate_handler()          ./System/Source/Newlib/_cxx.o
__init_array_end                                  ./System/Source/Newlib/_startup.o
__init_array_start                                ./System/Source/Newlib/_startup.o
__initialize_args                                 ./System/Source/Newlib/_syscalls.o
__initialize_bss                                  ./System/Source/Newlib/_startup.o
__initialize_data                                 ./System/Source/Newlib/_startup.o
__initialize_hardware                             ./System/Source/cortexm/_initialize_hardware.o
                                                  ./System/Source/Newlib/_startup.o
__initialize_hardware_early                       ./System/Source/cortexm/_initialize_hardware.o
                                                  ./System/Source/Newlib/_startup.o
__isr_vectors                                     ./System/Source/Cmsis/vectors_stm32f10x.o
__preinit_array_end                               ./System/Source/Newlib/_startup.o
__preinit_array_start                             ./System/Source/Newlib/_startup.o
__reset_hardware                                  ./System/Source/cortexm/_reset_hardware.o
__run_fini_array                                  ./System/Source/Newlib/_startup.o
__run_init_array                                  ./System/Source/Newlib/_startup.o
__vectors_start                                   ./System/Source/cortexm/_initialize_hardware.o
_edata                                            ./System/Source/Newlib/_startup.o
_estack                                           ./System/Source/Cmsis/vectors_stm32f10x.o
_exit                                             ./System/Source/Newlib/_exit.o
                                                  ./System/Source/Newlib/_startup.o
_sbrk                                             ./System/Source/Newlib/_sbrk.o
_sdata                                            ./System/Source/Newlib/_startup.o
_sidata                                           ./System/Source/Newlib/_startup.o
_start                                            ./System/Source/Newlib/_startup.o
                                                  ./System/Source/cortexm/exception_handlers.o
abort                                             ./System/Source/Newlib/_exit.o
                                                  ./System/Source/Newlib/_cxx.o
errno                                             ./System/Source/Newlib/_syscalls.o
kill                                              ./System/Source/Newlib/_syscalls.o
main                                              ./Code/main103c8t6_1.o
                                                  ./System/Source/Newlib/_startup.o
raise                                             ./System/Source/Newlib/_syscalls.o
